../bsp/ds1307.c:23:9:ds1307_init	16	static
../bsp/ds1307.c:45:6:ds1307_set_current_time	24	static
../bsp/ds1307.c:67:6:ds1307_set_current_date	16	static
../bsp/ds1307.c:78:6:ds1307_get_current_time	24	static
../bsp/ds1307.c:102:6:ds1307_get_current_date	16	static
../bsp/ds1307.c:111:13:ds1307_i2c_pin_config	32	static
../bsp/ds1307.c:146:13:ds1307_i2c_config	8	static
../bsp/ds1307.c:155:13:ds1307_write	32	static
../bsp/ds1307.c:165:17:ds1307_read	32	static
../bsp/ds1307.c:176:16:binary_to_bcd	24	static
../bsp/ds1307.c:192:16:bcd_to_binary	24	static
