../drivers/Src/stm32f401xx_spi_driver.c:29:6:SPI_PeriClockControl	16	static
../drivers/Src/stm32f401xx_spi_driver.c:63:6:SPI_Init	24	static
../drivers/Src/stm32f401xx_spi_driver.c:118:9:SPI_GetFlagStatus	16	static
../drivers/Src/stm32f401xx_spi_driver.c:124:6:SPI_SendData	24	static
../drivers/Src/stm32f401xx_spi_driver.c:151:6:SPI_ReceiveData	24	static
../drivers/Src/stm32f401xx_spi_driver.c:190:7:SPI_PeripheralControl	16	static
../drivers/Src/stm32f401xx_spi_driver.c:214:6:SPI_SSIConfig	16	static
../drivers/Src/stm32f401xx_spi_driver.c:236:6:SPI_SSOEConfig	16	static
../drivers/Src/stm32f401xx_spi_driver.c:248:6:SPI_IRQInterruptConfig	16	static
../drivers/Src/stm32f401xx_spi_driver.c:281:6:SPI_IRQPriorityConfig	24	static
../drivers/Src/stm32f401xx_spi_driver.c:292:9:SPI_SendDataIT	32	static
../drivers/Src/stm32f401xx_spi_driver.c:310:9:SPI_ReceiveDataIT	32	static
../drivers/Src/stm32f401xx_spi_driver.c:328:6:SPI_IRQHandling	24	static
../drivers/Src/stm32f401xx_spi_driver.c:360:14:spi_txe_interrupt_handle	16	static
../drivers/Src/stm32f401xx_spi_driver.c:386:14:spi_rxne_interrupt_handle	16	static
../drivers/Src/stm32f401xx_spi_driver.c:415:14:spi_ovr_err_interrupt_handle	24	static
../drivers/Src/stm32f401xx_spi_driver.c:432:6:SPI_CloseTransmisson	16	static
../drivers/Src/stm32f401xx_spi_driver.c:441:6:SPI_CloseReception	16	static
../drivers/Src/stm32f401xx_spi_driver.c:452:6:SPI_ClearOVRFlag	24	static
../drivers/Src/stm32f401xx_spi_driver.c:463:13:SPI_ApplicationEventCallback	16	static
